[dotenv@17.2.3] injecting env (74) from .env -- tip: ≡ƒ¢á∩╕Å  run anywhere with `dotenvx run -- yourcommand`
--- Starting Pricing Logic Tests ---
Cleaning up test data...

--- Test Case 1: Date-wide Dynamic Pricing (Same Day) ---
[32minfo[39m: PostgreSQL connected {"database":"snowcity","host":"database-1.cf4cq0uc02xu.ap-south-1.rds.amazonaws.com","poolMax":20,"port":5432,"service":"snowcity-api","ssl":true,"timestamp":"2026-03-01T13:21:59.861Z","timezone":"UTC","user":"postgres"}
Created dynamic rule for 10:00:00 today.
[DEBUG] calculateDynamicPrice for attraction 7 on 2026-03-01 at 10:00:00. Initial base: 1000, Effective: 1000
[DEBUG] dynamicPricingModel rules count: 0
[DEBUG] allDateRules count: 1
[DEBUG] dateWideDynamicRule found: true
[DEBUG] Applied Rule Type: dynamic_pricing, Title: 
[DEBUG] Rule Details: {"offer_id":18,"title":"","description":"","image_url":"","rule_type":"dynamic_pricing","discount_type":"amount","discount_value":"-100.00","max_discount":null,"valid_from":"2026-02-26T18:30:00.000Z","valid_to":"2027-02-26T18:30:00.000Z","active":true,"created_at":"2026-03-01T11:15:15.473Z","updated_at":"2026-03-01T11:15:15.473Z","image_alt":null,"rule_id":81,"target_type":"attraction","target_id":0,"applies_to_all":true,"date_from":"2026-02-26T18:30:00.000Z","date_to":"2027-02-26T18:30:00.000Z","time_from":"10:00:00","time_to":"20:00:00","slot_type":"attraction","slot_id":null,"rule_discount_type":"amount","rule_discount_value":"-100.00","priority":0,"day_type":"weekend","specific_days":[],"is_holiday":false,"specific_date":null,"specific_time":null,"buy_qty":1,"get_qty":1,"get_target_type":"attraction","get_target_id":null,"get_discount_type":null,"get_discount_value":null,"offer_discount_type":"amount","offer_discount_value":"-100.00"}
Price at 10:00:00: 1100 (Expected: 750)
[DEBUG] calculateDynamicPrice for attraction 7 on 2026-03-01 at 14:00:00. Initial base: 1000, Effective: 1000
[DEBUG] dynamicPricingModel rules count: 0
[DEBUG] allDateRules count: 1
[DEBUG] dateWideDynamicRule found: true
[DEBUG] Applied Rule Type: dynamic_pricing, Title: 
[DEBUG] Rule Details: {"offer_id":18,"title":"","description":"","image_url":"","rule_type":"dynamic_pricing","discount_type":"amount","discount_value":"-100.00","max_discount":null,"valid_from":"2026-02-26T18:30:00.000Z","valid_to":"2027-02-26T18:30:00.000Z","active":true,"created_at":"2026-03-01T11:15:15.473Z","updated_at":"2026-03-01T11:15:15.473Z","image_alt":null,"rule_id":81,"target_type":"attraction","target_id":0,"applies_to_all":true,"date_from":"2026-02-26T18:30:00.000Z","date_to":"2027-02-26T18:30:00.000Z","time_from":"10:00:00","time_to":"20:00:00","slot_type":"attraction","slot_id":null,"rule_discount_type":"amount","rule_discount_value":"-100.00","priority":0,"day_type":"weekend","specific_days":[],"is_holiday":false,"specific_date":null,"specific_time":null,"buy_qty":1,"get_qty":1,"get_target_type":"attraction","get_target_id":null,"get_discount_type":null,"get_discount_value":null,"offer_discount_type":"amount","offer_discount_value":"-100.00"}
Price at 14:00:00: 1100 (Expected: 750 - Date-wide apply)
Γ¥î FAIL: Date-wide dynamic pricing check failed.

--- Test Case 2: Standard Offer Blocking (Same Day) ---
[DEBUG] calculateDynamicPrice for attraction 7 on 2026-03-01 at 12:00:00. Initial base: 1000, Effective: 1000
[DEBUG] dynamicPricingModel rules count: 0
[DEBUG] allDateRules count: 1
[DEBUG] dateWideDynamicRule found: true
[DEBUG] Applied Rule Type: dynamic_pricing, Title: 
[DEBUG] Rule Details: {"offer_id":18,"title":"","description":"","image_url":"","rule_type":"dynamic_pricing","discount_type":"amount","discount_value":"-100.00","max_discount":null,"valid_from":"2026-02-26T18:30:00.000Z","valid_to":"2027-02-26T18:30:00.000Z","active":true,"created_at":"2026-03-01T11:15:15.473Z","updated_at":"2026-03-01T11:15:15.473Z","image_alt":null,"rule_id":81,"target_type":"attraction","target_id":0,"applies_to_all":true,"date_from":"2026-02-26T18:30:00.000Z","date_to":"2027-02-26T18:30:00.000Z","time_from":"10:00:00","time_to":"20:00:00","slot_type":"attraction","slot_id":null,"rule_discount_type":"amount","rule_discount_value":"-100.00","priority":0,"day_type":"weekend","specific_days":[],"is_holiday":false,"specific_date":null,"specific_time":null,"buy_qty":1,"get_qty":1,"get_target_type":"attraction","get_target_id":null,"get_discount_type":null,"get_discount_value":null,"offer_discount_type":"amount","offer_discount_value":"-100.00"}
Price today with Wednesday offer: 1100 (Expected: 1000 - Blocked same-day)
Γ¥î FAIL: Standard offer allowed same-day.

--- Test Case 3: Standard Offer Works for Future Date ---
[DEBUG] calculateDynamicPrice for attraction 7 on 2026-03-04 at 12:00:00. Initial base: 1000, Effective: 1000
[DEBUG] dynamicPricingModel rules count: 0
[DEBUG] allDateRules count: 0
[DEBUG] dateWideDynamicRule found: false
Price next Wednesday: 1000 (Expected: 500 - 50% discount)
Γ¥î FAIL: Standard offer failed for future date.

--- Test Case 4: Dynamic Price Overrides Future Offer ---
[DEBUG] calculateDynamicPrice for attraction 7 on 2026-03-04 at 12:00:00. Initial base: 1000, Effective: 1000
[DEBUG] dynamicPricingModel rules count: 0
[DEBUG] allDateRules count: 0
[DEBUG] dateWideDynamicRule found: false
Price next Wednesday (Overridden): 1000 (Expected: 800 - Dynamic overrides Wednesday)
Γ¥î FAIL: Override logic failed.

Cleaning up test data...
--- Tests Completed ---
