[dotenv@17.2.3] injecting env (0) from .env -- tip: ≡ƒöÉ prevent committing .env to code: https://dotenvx.com/precommit
[33mwarn[39m: Razorpay client not initialized. Missing credentials. {"service":"snowcity-api","timestamp":"2026-02-18T06:56:27.112Z"}
[32minfo[39m: PhonePe configured for sandbox environment {"baseUrl":"https://api-preprod.phonepe.com","hasLegacy":true,"hasOAuth":true,"redirectUrl":"https://app.snowcityblr.com/payment/success","service":"snowcity-api","timestamp":"2026-02-18T06:56:27.158Z"}
[32minfo[39m: Zeptomail client configured {"service":"snowcity-api","timestamp":"2026-02-18T06:56:27.593Z"}
Starting verification test...
Using attraction: { id: '7', title: 'Snow Park', base: '750.00' }
[32minfo[39m: PostgreSQL connected {"database":"snowcity_do0f","host":"dpg-d67n6056ubrc7396dje0-a.oregon-postgres.render.com","poolMax":20,"service":"snowcity-api","ssl":true,"timestamp":"2026-02-18T06:56:30.155Z","user":"root"}
